This is pdfTeX, Version 3.141592653-2.6-1.40.28 (TeX Live 2025) (preloaded format=pdflatex 2025.11.4)  15 JAN 2026 16:31
entering extended mode
 restricted \write18 enabled.
 file:line:error style messages enabled.
 %&-line parsing enabled.
**c:/Users/a5137749/Documents/Abteilungen/Schule/LaTeX/test.tex
(c:/Users/a5137749/Documents/Abteilungen/Schule/LaTeX/test.tex
LaTeX2e <2025-11-01>
L3 programming layer <2025-10-24>
)
! Emergency stop.
<*> ...Documents/Abteilungen/Schule/LaTeX/test.tex
                                                  
*** (job aborted, no legal \end found)

 
Here is how much of TeX's memory you used:
 15 strings out of 467578
 489 string characters out of 5424739
 433736 words of memory out of 5000000
 28978 multiletter control sequences out of 15000+600000
 627721 words of font info for 40 fonts, out of 8000000 for 9000
 1141 hyphenation exceptions out of 8191
 12i,0n,13p,93b,8s stack positions out of 10000i,1000n,20000p,200000b,200000s
!  ==> Fatal error occurred, no output PDF file produced!
